// Jest Snapshot v1, https://goo.gl/fbAQLP

exports[`<Root /> renders the root component 1`] = `null`;
